[{"origin": "IGP", "med": "0", "as_path": "15169", "community": "63311:21201", "prefix": "8.8.8.0/24", "next_hop": "206.41.110.37", "peer": "206.41.110.37", "local_pref": "200"}]
