[{"origin": "IGP", "prefix": "204.130.133.0/24", "next_hop": "10.217.130.42", "peer": "[static1", "local_pref": "100", "as_path": "63311 63311", "community": "43531:49021"}, {"origin": "IGP", "prefix": "157.97.97.0/24", "next_hop": "10.217.130.42", "peer": "[static1", "local_pref": "100", "as_path": "63311 63311", "community": "43531:49021"}, {"origin": "IGP", "prefix": "208.200.137.0/24", "next_hop": "10.217.130.42", "peer": "[static1", "local_pref": "100", "as_path": "63311 63311", "community": "43531:49021"}]
