{"router_id": "195.69.146.34", "last_reconfiguration": "2012-01-03T13:56:40", "last_reboot": "2012-01-03T12:46:40"}
