[{"export_updates_received": 0, "protocol": "BGP", "export_updates_rejected": 0, "import_updates_ignored": 0, "import_withdraws_rejected": 0, "export_updates_accepted": 0, "import_updates_accepted": 0, "import_updates_received": 0, "export_updates_filtered": 0, "import_withdraws_ignored": 0, "routes_imported": 0, "name": "PS1", "import_updates_filtered": 0, "export_withdraws_accepted": 0, "import_withdraws_accepted": 0, "export_withdraws_received": 0, "up": false, "state": "Passive", "routes_exported": 0, "import_updates_rejected": 0, "last_change": "2016-06-13T00:00:00", "import_withdraws_received": 0}, {"router_id": "85.184.4.5", "export_updates_received": 12, "protocol": "BGP", "export_updates_rejected": 12, "import_updates_ignored": 0, "import_withdraws_rejected": 0, "export_updates_accepted": 0, "import_updates_accepted": 12, "import_updates_received": 12, "export_updates_filtered": 0, "import_withdraws_ignored": 0, "routes_imported": 24, "name": "PS2", "import_updates_filtered": 0, "export_withdraws_accepted": 0, "import_withdraws_accepted": 3, "export_withdraws_received": 3, "up": true, "state": "Established", "routes_exported": 23, "import_updates_rejected": 0, "last_change": "2016-11-10T14:20:00", "import_withdraws_received": 3}]
